Version: nightly
Build Time: 2026.06.08
Platform: windows (amd64)
OpenGL 3.3
RAM in Use: 161 MB / OS Reserved: 188 MB
Active Goroutines: 3
Timestamp: 2026-06-10 00:02:38

Engine error

Error: .\external\script\start.lua:1689: chars/Kallous/kallous.def:
data/attackdata.zss
open data/attackdata.zss: The system cannot find the file specified.
stack traceback:
	[G]: in function 'game'
	.\external\script\start.lua:1689: in function 'f_game'
	.\external\script\start.lua:2284: in function 'launchFight'
	external/script/default.lua:2: in function <external/script/default.lua:0>
	.\external\script\start.lua:1750: in function 'f'
	external/script/main.lua:2667: in function 'loop'
	external/script/main.lua:3988: in main chunk
	[G]: ?

Go stack traceback:
goroutine 1 [running, locked to thread]:
runtime/debug.Stack()
	runtime/debug/stack.go:24 +0x65
main.handlePanic({0x7ff722747b20?, 0xc003b04f00})
	github.com/ikemen-engine/Ikemen-GO/src/main.go:362 +0x3e5
main.realMain.func1()
	github.com/ikemen-engine/Ikemen-GO/src/main.go:66 +0x2a
panic({0x7ff722747b20, 0xc003b04f00})
	runtime/panic.go:884 +0x213
main.realMain()
	github.com/ikemen-engine/Ikemen-GO/src/main.go:206 +0x58d
main.main()
	github.com/ikemen-engine/Ikemen-GO/src/main.go:59 +0x17
