Version: nightly
Build Time: 2026.06.08
Platform: windows (amd64)
OpenGL 3.3
RAM in Use: 165 MB / OS Reserved: 200 MB
Active Goroutines: 3
Timestamp: 2026-06-08 09:57:11

Engine error

Error: .\external\script\start.lua:1689: data/common1.zss:974:
Duplicate key found: sprpriority
stack traceback:
	[G]: in function 'game'
	.\external\script\start.lua:1689: in function 'f_game'
	.\external\script\start.lua:2284: in function 'launchFight'
	external/script/default.lua:2: in function <external/script/default.lua:0>
	.\external\script\start.lua:1750: in function 'f'
	external/script/main.lua:2667: in function 'loop'
	external/script/main.lua:3988: in main chunk
	[G]: ?

Go stack traceback:
goroutine 1 [running, locked to thread]:
runtime/debug.Stack()
	runtime/debug/stack.go:24 +0x65
main.handlePanic({0x7ff77a4b7b20?, 0xc0036cd8c0})
	github.com/ikemen-engine/Ikemen-GO/src/main.go:362 +0x3e5
main.realMain.func1()
	github.com/ikemen-engine/Ikemen-GO/src/main.go:66 +0x2a
panic({0x7ff77a4b7b20, 0xc0036cd8c0})
	runtime/panic.go:884 +0x213
main.realMain()
	github.com/ikemen-engine/Ikemen-GO/src/main.go:206 +0x58d
main.main()
	github.com/ikemen-engine/Ikemen-GO/src/main.go:59 +0x17
